[debug] [2026-07-21T05:57:36.729Z] : 
[debug] [2026-07-21T05:57:36.763Z] : ----------------------------------------------------------------------
[debug] [2026-07-21T05:57:36.764Z] : Command:      C:\Program Files\nodejs\node.exe C:\Users\HP\AppData\Roaming\npm\node_modules\zcatalyst-cli\lib\bin\catalyst.js serve
[debug] [2026-07-21T05:57:36.764Z] : CLI Version:  1.27.0
[debug] [2026-07-21T05:57:36.764Z] : Platform:     win32
[debug] [2026-07-21T05:57:36.766Z] : Node Version: v22.14.0
[debug] [2026-07-21T05:57:36.767Z] : Time:         Tue Jul 21 2026 11:27:36 GMT+0530 (India Standard Time)
[debug] [2026-07-21T05:57:36.767Z] : ----------------------------------------------------------------------
[debug] [2026-07-21T05:57:36.767Z] : 
[debug] [2026-07-21T05:57:43.956Z] : > authorizing via signed-in user option
[debug] [2026-07-21T05:57:43.959Z] : > command requires scopes: ["ZohoCatalyst.projects.ALL","ZohoCatalyst.apigateway.apis.READ","ZohoCatalyst.apigateway.READ","ZohoCatalyst.segments.ALL","ZohoCatalyst.cache.READ","ZohoCatalyst.cache.CREATE","ZohoCatalyst.cache.DELETE","ZohoCatalyst.projects.ALL","ZohoCatalyst.cron.ALL","ZohoCatalyst.zcql.CREATE","ZohoCatalyst.projects.users.READ","ZohoCatalyst.projects.users.CREATE","ZohoCatalyst.projects.users.DELETE","ZohoCatalyst.projects.users.UPDATE","ZohoCatalyst.authentication.CREATE","ZohoCatalyst.email.CREATE","ZohoCatalyst.tables.ALL","ZohoCatalyst.tables.rows.ALL","ZohoCatalyst.tables.columns.ALL","ZohoCatalyst.tables.bulk.CREATE","ZohoCatalyst.tables.bulk.READ","ZohoCatalyst.folders.ALL","ZohoCatalyst.files.CREATE","ZohoCatalyst.files.READ","ZohoCatalyst.files.DELETE","ZohoCatalyst.functions.ALL","ZohoCatalyst.functions.EXECUTE","ZohoCatalyst.eventlistners.ALL","ZohoCatalyst.eventlisteners.produce","ZohoCatalyst.security.rules.Read","ZohoCatalyst.security.rules.Update","ZohoCatalyst.notifications.mobile","ZohoCatalyst.notifications.web","ZohoCatalyst.search.READ","ZohoCatalyst.mlkit.READ","QuickML.deployment.READ","ZohoCatalyst.pdfshot.execute","ZohoCatalyst.grid.READ","ZohoCatalyst.grid.terminate","ZohoCatalyst.circuits.execution.DELETE","ZohoCatalyst.circuits.execution.READ","ZohoCatalyst.circuits.execute","ZohoCatalyst.appsail.Read","ZohoCatalyst.jobpool.READ","ZohoCatalyst.job.ALL","ZohoCatalyst.nosql.READ","ZohoCatalyst.nosql.rows.ALL"]
[debug] [2026-07-21T05:57:44.362Z] : >>>> HTTP REQUEST : GET https://api.catalyst.zoho.in/baas/v1/project/51834000000013024 

[debug] [2026-07-21T05:57:45.065Z] : <<<< HTTP RESPONSE : 200
Response Headers: {"server":"ZGS","date":"Tue, 21 Jul 2026 05:57:10 GMT","content-type":"application/vnd.catalyst.v2+json","transfer-encoding":"chunked","connection":"keep-alive","x-content-type-options":"nosniff","cache-control":"private,no-cache,no-store,max-age=0,must-revalidate","pragma":"no-cache","expires":"Thu, 01 Jan 1970 00:00:00 GMT","x-frame-options":"DENY","strict-transport-security":"max-age=64072000; includeSubDomains; preload"}

[debug] [2026-07-21T05:57:45.081Z] : >>>> HTTP REQUEST : GET https://api.catalyst.zoho.in/baas/v1/project/51834000000013024/environment 

[debug] [2026-07-21T05:57:45.181Z] : <<<< HTTP RESPONSE : 200
Response Headers: {"server":"ZGS","date":"Tue, 21 Jul 2026 05:57:10 GMT","content-type":"application/vnd.catalyst.v2+json","transfer-encoding":"chunked","connection":"keep-alive","x-content-type-options":"nosniff","cache-control":"private,no-cache,no-store,max-age=0,must-revalidate","pragma":"no-cache","expires":"Thu, 01 Jan 1970 00:00:00 GMT","x-frame-options":"DENY","strict-transport-security":"max-age=64072000; includeSubDomains; preload"}

[debug] [2026-07-21T05:57:46.090Z] : >>>> HTTP REQUEST : GET https://api.catalyst.zoho.in/baas/get-details 
Query params: {"feature_name":"runtime"}

[debug] [2026-07-21T05:57:46.213Z] : <<<< HTTP RESPONSE : 200
Response Headers: {"server":"ZGS","date":"Tue, 21 Jul 2026 05:57:11 GMT","content-type":"application/vnd.catalyst.v2+json","transfer-encoding":"chunked","connection":"keep-alive","x-content-type-options":"nosniff","cache-control":"private,no-cache,no-store,max-age=0,must-revalidate","pragma":"no-cache","expires":"Thu, 01 Jan 1970 00:00:00 GMT","x-frame-options":"DENY","strict-transport-security":"max-age=64072000; includeSubDomains; preload"}

[debug] [2026-07-21T05:57:46.237Z] : >>>> HTTP REQUEST : GET https://api.catalyst.zoho.in/baas/v1/project/51834000000013024/function 
Query params: {"type":"basicio,event,cron,applogic,integration,browser_logic,job"}

[debug] [2026-07-21T05:57:46.351Z] : <<<< HTTP RESPONSE : 200
Response Headers: {"server":"ZGS","date":"Tue, 21 Jul 2026 05:57:11 GMT","content-type":"application/vnd.catalyst.v2+json","transfer-encoding":"chunked","connection":"keep-alive","x-content-type-options":"nosniff","cache-control":"private,no-cache,no-store,max-age=0,must-revalidate","pragma":"no-cache","expires":"Thu, 01 Jan 1970 00:00:00 GMT","x-frame-options":"DENY","strict-transport-security":"max-age=64072000; includeSubDomains; preload"}

[debug] [2026-07-21T05:57:46.373Z] : unknown eol undefined hence skipping check
[debug] [2026-07-21T06:00:37.068Z] : ruok response: 200: OK
[debug] [2026-07-21T06:00:37.180Z] : No API Gateway configuration found. Skipping API Gateway rules
[info] [2026-07-21T06:00:37.200Z] : 
[info] [2026-07-21T06:00:37.201Z] :  >>>>>>>>>>>>>> Basic I/O <<<<<<<<<<<<< 
[info] [2026-07-21T06:00:37.205Z] : i ksp_chatboy_function: http://localhost:3000/server/ksp_chatboy_function/execute
[info] [2026-07-21T06:00:37.206Z] : 
[info] [2026-07-21T06:03:08.552Z] : [1784613788550]  "GET"  "/server/ksp_chatboy_function/execute?text=pending%20complaints"
[info] [2026-07-21T06:06:32.948Z] : 
add of setup_db.py in ksp_chatboy_function detected. Preparing your function, please wait...
[debug] [2026-07-21T06:06:39.004Z] : Python child exit: 1, null
[info] [2026-07-21T06:07:56.391Z] : [1784614076377]  "GET"  "/server/ksp_chatboy_function/execute?text=pending%20complaints"
[debug] [2026-07-21T06:09:07.530Z] : ruok response: 200: OK
[info] [2026-07-21T06:09:07.645Z] : i functions[ksp_chatboy_function]: ready!
[info] [2026-07-21T06:09:07.670Z] : i BasicIO[ksp_chatboy_function]: http://localhost:3000/server/ksp_chatboy_function/execute
[info] [2026-07-21T06:09:08.680Z] : 
add of police.db in ksp_chatboy_function detected. Preparing your function, please wait...
[debug] [2026-07-21T06:09:13.462Z] : Python child exit: 1, null
